2026-08-26 19:08:32,338 INFO    decode.pipeline funding ok in 587ms (attempt 1)
2026-08-26 19:08:32,779 INFO    decode.pipeline basis ok in 437ms (attempt 1)
2026-08-26 19:08:33,303 INFO    decode.pipeline heatmap ok in 490ms (attempt 1)
2026-08-26 19:08:33,678 INFO    decode.pipeline longshort ok in 370ms (attempt 1)
2026-08-26 19:08:33,997 INFO    decode.pipeline liqtoday ok in 315ms (attempt 1)
2026-08-26 19:10:16,913 INFO    decode.pipeline funding ok in 697ms (attempt 1)
2026-08-26 19:10:17,177 INFO    decode.pipeline basis ok in 258ms (attempt 1)
2026-08-26 19:10:18,416 INFO    decode.pipeline heatmap ok in 1205ms (attempt 1)
2026-08-26 19:10:18,743 INFO    decode.pipeline longshort ok in 322ms (attempt 1)
2026-08-26 19:10:18,996 INFO    decode.pipeline liqtoday ok in 251ms (attempt 1)
2026-08-26 19:10:59,379 INFO    decode.pipeline funding ok in 445ms (attempt 1)
2026-08-26 19:10:59,648 INFO    decode.pipeline basis ok in 263ms (attempt 1)
2026-08-26 19:11:00,109 INFO    decode.pipeline heatmap ok in 429ms (attempt 1)
2026-08-26 19:11:00,423 INFO    decode.pipeline longshort ok in 309ms (attempt 1)
2026-08-26 19:11:00,669 INFO    decode.pipeline liqtoday ok in 243ms (attempt 1)
2026-08-31 20:27:50,079 INFO    decode.pipeline funding ok in 596ms (attempt 1)
2026-08-31 20:27:51,699 INFO    decode.pipeline basis ok in 1616ms (attempt 1)
2026-08-31 20:27:52,492 INFO    decode.pipeline heatmap ok in 765ms (attempt 1)
2026-08-31 20:27:52,825 INFO    decode.pipeline longshort ok in 329ms (attempt 1)
2026-08-31 20:27:53,146 INFO    decode.pipeline liqtoday ok in 319ms (attempt 1)
2026-09-01 02:17:05,264 INFO    decode.pipeline funding ok in 502ms (attempt 1)
2026-09-01 02:17:06,255 INFO    decode.pipeline basis ok in 985ms (attempt 1)
2026-09-01 02:17:06,723 INFO    decode.pipeline heatmap ok in 438ms (attempt 1)
2026-09-01 02:17:07,095 INFO    decode.pipeline longshort ok in 369ms (attempt 1)
2026-09-01 02:17:07,469 INFO    decode.pipeline liqtoday ok in 372ms (attempt 1)
2026-09-01 02:21:07,415 INFO    decode.pipeline funding ok in 527ms (attempt 1)
2026-09-01 02:21:07,800 INFO    decode.pipeline basis ok in 380ms (attempt 1)
2026-09-01 02:21:08,270 INFO    decode.pipeline heatmap ok in 436ms (attempt 1)
2026-09-01 02:21:08,627 INFO    decode.pipeline longshort ok in 353ms (attempt 1)
2026-09-01 02:21:09,065 INFO    decode.pipeline liqtoday ok in 435ms (attempt 1)
2026-09-01 16:09:14,982 INFO    decode.pipeline funding ok in 614ms (attempt 1)
2026-09-01 16:09:15,456 INFO    decode.pipeline basis ok in 468ms (attempt 1)
2026-09-01 16:09:15,697 INFO    decode.pipeline longshort ok in 237ms (attempt 1)
2026-09-01 16:09:16,129 INFO    decode.pipeline liqtoday ok in 428ms (attempt 1)
2026-09-01 16:09:16,530 INFO    decode.pipeline heatmap_12h ok in 387ms (attempt 1)
2026-09-01 16:09:16,946 INFO    decode.pipeline heatmap_24h ok in 382ms (attempt 1)
2026-09-01 16:09:17,392 INFO    decode.pipeline heatmap_48h ok in 421ms (attempt 1)
2026-09-01 16:09:18,158 INFO    decode.pipeline heatmap_3d ok in 728ms (attempt 1)
2026-09-01 16:09:18,859 INFO    decode.pipeline heatmap_1w ok in 644ms (attempt 1)
2026-09-01 16:09:21,835 INFO    decode.pipeline heatmap_2w ok in 2882ms (attempt 1)
2026-09-01 16:09:23,258 INFO    decode.pipeline heatmap_1m ok in 1364ms (attempt 1)
2026-09-01 16:09:25,191 INFO    decode.pipeline heatmap_3m ok in 1886ms (attempt 1)
2026-09-01 16:09:26,195 INFO    decode.pipeline heatmap_6m ok in 930ms (attempt 1)
2026-09-04 12:30:09,287 INFO    decode.pipeline funding ok in 490ms (attempt 1)
2026-09-04 12:30:12,002 INFO    decode.pipeline basis ok in 2711ms (attempt 1)
2026-09-04 12:30:12,442 INFO    decode.pipeline longshort ok in 436ms (attempt 1)
2026-09-04 12:30:12,826 INFO    decode.pipeline liqtoday ok in 382ms (attempt 1)
2026-09-04 12:30:18,205 INFO    decode.pipeline heatmap_12h ok in 5366ms (attempt 1)
2026-09-04 12:30:19,274 INFO    decode.pipeline heatmap_24h ok in 1037ms (attempt 1)
2026-09-04 12:30:20,392 INFO    decode.pipeline heatmap_48h ok in 1103ms (attempt 1)
2026-09-04 12:30:22,044 INFO    decode.pipeline heatmap_3d ok in 1624ms (attempt 1)
2026-09-04 12:30:25,463 INFO    decode.pipeline heatmap_1w ok in 3378ms (attempt 1)
2026-09-04 12:30:30,496 INFO    decode.pipeline heatmap_2w ok in 4950ms (attempt 1)
2026-09-04 12:30:33,582 INFO    decode.pipeline heatmap_1m ok in 3026ms (attempt 1)
2026-09-04 12:30:37,018 INFO    decode.pipeline heatmap_3m ok in 3387ms (attempt 1)
2026-09-04 12:30:37,983 INFO    decode.pipeline heatmap_6m ok in 867ms (attempt 1)
2026-09-04 12:33:48,957 INFO    decode.pipeline funding ok in 575ms (attempt 1)
2026-09-04 12:33:49,484 INFO    decode.pipeline basis ok in 520ms (attempt 1)
2026-09-04 12:33:49,874 INFO    decode.pipeline longshort ok in 386ms (attempt 1)
2026-09-04 12:33:50,371 INFO    decode.pipeline liqtoday ok in 495ms (attempt 1)
2026-09-04 12:33:50,864 INFO    decode.pipeline heatmap_12h ok in 478ms (attempt 1)
2026-09-04 12:33:51,434 INFO    decode.pipeline heatmap_24h ok in 538ms (attempt 1)
2026-09-04 12:33:52,045 INFO    decode.pipeline heatmap_48h ok in 578ms (attempt 1)
2026-09-04 12:33:52,706 INFO    decode.pipeline heatmap_3d ok in 622ms (attempt 1)
2026-09-04 12:33:53,525 INFO    decode.pipeline heatmap_1w ok in 771ms (attempt 1)
2026-09-04 12:33:55,916 INFO    decode.pipeline heatmap_2w ok in 2310ms (attempt 1)
2026-09-04 12:33:57,526 INFO    decode.pipeline heatmap_1m ok in 1551ms (attempt 1)
2026-09-04 12:33:58,337 INFO    decode.pipeline heatmap_3m ok in 763ms (attempt 1)
2026-09-04 12:33:59,787 INFO    decode.pipeline heatmap_6m ok in 1348ms (attempt 1)
2026-09-04 19:55:20,033 INFO    decode.pipeline funding ok in 1730ms (attempt 1)
2026-09-04 19:55:21,250 INFO    decode.pipeline basis ok in 1210ms (attempt 1)
2026-09-04 19:55:21,595 INFO    decode.pipeline longshort ok in 342ms (attempt 1)
2026-09-04 19:55:21,865 INFO    decode.pipeline liqtoday ok in 267ms (attempt 1)
2026-09-04 19:55:23,604 INFO    decode.pipeline heatmap_12h ok in 1732ms (attempt 1)
2026-09-04 19:55:24,534 INFO    decode.pipeline heatmap_24h ok in 890ms (attempt 1)
2026-09-04 19:55:25,270 INFO    decode.pipeline heatmap_48h ok in 705ms (attempt 1)
2026-09-04 19:55:27,162 INFO    decode.pipeline heatmap_3d ok in 1843ms (attempt 1)
2026-09-04 19:55:28,407 INFO    decode.pipeline heatmap_1w ok in 1190ms (attempt 1)
2026-09-04 19:55:30,915 INFO    decode.pipeline heatmap_2w ok in 2410ms (attempt 1)
2026-09-04 19:55:32,435 INFO    decode.pipeline heatmap_1m ok in 1455ms (attempt 1)
2026-09-04 19:55:34,449 INFO    decode.pipeline heatmap_3m ok in 1967ms (attempt 1)
2026-09-04 19:55:36,756 INFO    decode.pipeline heatmap_6m ok in 2208ms (attempt 1)
2026-09-06 01:37:05,333 INFO    decode.pipeline funding ok in 607ms (attempt 1)
2026-09-06 01:37:06,380 INFO    decode.pipeline basis ok in 1041ms (attempt 1)
2026-09-06 01:37:06,617 INFO    decode.pipeline longshort ok in 235ms (attempt 1)
2026-09-06 01:37:06,965 INFO    decode.pipeline liqtoday ok in 345ms (attempt 1)
2026-09-06 01:37:07,347 INFO    decode.pipeline heatmap_12h ok in 372ms (attempt 1)
2026-09-06 01:37:07,895 INFO    decode.pipeline heatmap_24h ok in 528ms (attempt 1)
2026-09-06 01:37:08,450 INFO    decode.pipeline heatmap_48h ok in 532ms (attempt 1)
2026-09-06 01:37:09,216 INFO    decode.pipeline heatmap_3d ok in 731ms (attempt 1)
2026-09-06 01:37:09,846 INFO    decode.pipeline heatmap_1w ok in 580ms (attempt 1)
2026-09-06 01:37:12,383 INFO    decode.pipeline heatmap_2w ok in 2450ms (attempt 1)
2026-09-06 01:37:13,827 INFO    decode.pipeline heatmap_1m ok in 1381ms (attempt 1)
2026-09-06 01:37:15,822 INFO    decode.pipeline heatmap_3m ok in 1947ms (attempt 1)
2026-09-06 01:37:16,524 INFO    decode.pipeline heatmap_6m ok in 603ms (attempt 1)
2026-09-06 01:46:37,107 INFO    decode.pipeline funding ok in 589ms (attempt 1)
2026-09-06 01:46:37,379 INFO    decode.pipeline basis ok in 267ms (attempt 1)
2026-09-06 01:46:37,667 INFO    decode.pipeline longshort ok in 285ms (attempt 1)
2026-09-06 01:46:37,960 INFO    decode.pipeline liqtoday ok in 290ms (attempt 1)
2026-09-06 01:46:38,615 INFO    decode.pipeline liqhist ok in 636ms (attempt 1)
2026-09-06 01:46:38,952 INFO    decode.pipeline heatmap_12h ok in 327ms (attempt 1)
2026-09-06 01:46:39,261 INFO    decode.pipeline heatmap_24h ok in 287ms (attempt 1)
2026-09-06 01:46:39,763 INFO    decode.pipeline heatmap_48h ok in 478ms (attempt 1)
2026-09-06 01:46:40,649 INFO    decode.pipeline heatmap_3d ok in 845ms (attempt 1)
2026-09-06 01:46:41,736 INFO    decode.pipeline heatmap_1w ok in 1039ms (attempt 1)
2026-09-06 01:46:44,121 INFO    decode.pipeline heatmap_2w ok in 2294ms (attempt 1)
2026-09-06 01:46:45,555 INFO    decode.pipeline heatmap_1m ok in 1378ms (attempt 1)
2026-09-06 01:46:47,570 INFO    decode.pipeline heatmap_3m ok in 1966ms (attempt 1)
2026-09-06 01:46:48,309 INFO    decode.pipeline heatmap_6m ok in 642ms (attempt 1)
2026-09-06 23:56:24,353 INFO    decode.pipeline funding ok in 617ms (attempt 1)
2026-09-06 23:56:25,770 INFO    decode.pipeline basis ok in 1414ms (attempt 1)
2026-09-06 23:56:26,102 INFO    decode.pipeline longshort ok in 328ms (attempt 1)
2026-09-06 23:56:26,390 INFO    decode.pipeline liqtoday ok in 285ms (attempt 1)
2026-09-06 23:56:26,972 INFO    decode.pipeline liqhist ok in 563ms (attempt 1)
2026-09-06 23:56:27,234 INFO    decode.pipeline heatmap_12h ok in 250ms (attempt 1)
2026-09-06 23:56:27,506 INFO    decode.pipeline heatmap_24h ok in 257ms (attempt 1)
2026-09-06 23:56:27,893 INFO    decode.pipeline heatmap_48h ok in 370ms (attempt 1)
2026-09-06 23:56:28,547 INFO    decode.pipeline heatmap_3d ok in 617ms (attempt 1)
2026-09-06 23:56:29,293 INFO    decode.pipeline heatmap_1w ok in 699ms (attempt 1)
2026-09-06 23:56:31,710 INFO    decode.pipeline heatmap_2w ok in 2328ms (attempt 1)
2026-09-06 23:56:32,980 INFO    decode.pipeline heatmap_1m ok in 1213ms (attempt 1)
2026-09-06 23:56:34,982 INFO    decode.pipeline heatmap_3m ok in 1953ms (attempt 1)
2026-09-06 23:56:35,643 INFO    decode.pipeline heatmap_6m ok in 563ms (attempt 1)
2026-09-07 12:08:28,671 INFO    decode.pipeline funding ok in 736ms (attempt 1)
2026-09-07 12:08:30,024 INFO    decode.pipeline basis ok in 1347ms (attempt 1)
2026-09-07 12:08:30,436 INFO    decode.pipeline longshort ok in 410ms (attempt 1)
2026-09-07 12:08:30,859 INFO    decode.pipeline liqtoday ok in 420ms (attempt 1)
2026-09-07 12:08:31,646 INFO    decode.pipeline liqhist ok in 769ms (attempt 1)
2026-09-07 12:08:32,141 INFO    decode.pipeline heatmap_12h ok in 483ms (attempt 1)
2026-09-07 12:08:32,741 INFO    decode.pipeline heatmap_24h ok in 577ms (attempt 1)
2026-09-07 12:08:33,567 INFO    decode.pipeline heatmap_48h ok in 807ms (attempt 1)
2026-09-07 12:08:34,350 INFO    decode.pipeline heatmap_3d ok in 749ms (attempt 1)
2026-09-08 13:44:10,364 INFO    decode.pipeline funding ok in 642ms (attempt 1)
2026-09-08 13:44:11,892 INFO    decode.pipeline basis ok in 1522ms (attempt 1)
2026-09-08 13:44:12,286 INFO    decode.pipeline longshort ok in 391ms (attempt 1)
2026-09-08 13:44:14,368 INFO    decode.pipeline liqtoday ok in 2079ms (attempt 1)
2026-09-08 13:44:15,147 INFO    decode.pipeline liqhist ok in 761ms (attempt 1)
2026-09-08 13:44:15,499 INFO    decode.pipeline heatmap_12h ok in 339ms (attempt 1)
2026-09-08 13:44:15,941 INFO    decode.pipeline heatmap_24h ok in 409ms (attempt 1)
2026-09-08 13:44:16,511 INFO    decode.pipeline heatmap_48h ok in 542ms (attempt 1)
2026-09-08 13:44:17,388 INFO    decode.pipeline heatmap_3d ok in 842ms (attempt 1)
2026-09-08 13:44:18,032 INFO    decode.pipeline heatmap_1w ok in 591ms (attempt 1)
2026-09-08 13:44:20,482 INFO    decode.pipeline heatmap_2w ok in 2359ms (attempt 1)
2026-09-08 13:44:23,576 INFO    decode.pipeline heatmap_1m ok in 3035ms (attempt 1)
2026-09-08 13:44:25,839 INFO    decode.pipeline heatmap_3m ok in 2214ms (attempt 1)
2026-09-08 13:44:26,681 INFO    decode.pipeline heatmap_6m ok in 743ms (attempt 1)
2026-09-08 13:45:23,992 INFO    decode.pipeline funding ok in 544ms (attempt 1)
2026-09-08 13:45:24,513 INFO    decode.pipeline basis ok in 516ms (attempt 1)
2026-09-08 13:45:25,055 INFO    decode.pipeline longshort ok in 539ms (attempt 1)
2026-09-08 13:45:25,457 INFO    decode.pipeline liqtoday ok in 400ms (attempt 1)
2026-09-08 13:45:26,098 INFO    decode.pipeline liqhist ok in 621ms (attempt 1)
2026-09-08 13:45:27,371 INFO    decode.pipeline heatmap_12h ok in 1265ms (attempt 1)
2026-09-08 13:45:27,979 INFO    decode.pipeline heatmap_24h ok in 577ms (attempt 1)
2026-09-08 13:45:29,110 INFO    decode.pipeline heatmap_48h ok in 1105ms (attempt 1)
2026-09-08 13:45:30,442 INFO    decode.pipeline heatmap_3d ok in 1297ms (attempt 1)
2026-09-08 13:45:31,232 INFO    decode.pipeline heatmap_1w ok in 737ms (attempt 1)
2026-09-08 13:45:34,463 INFO    decode.pipeline heatmap_2w ok in 3142ms (attempt 1)
2026-09-08 13:45:36,122 INFO    decode.pipeline heatmap_1m ok in 1599ms (attempt 1)
2026-09-08 13:45:38,148 INFO    decode.pipeline heatmap_3m ok in 1977ms (attempt 1)
2026-09-08 13:45:39,047 INFO    decode.pipeline heatmap_6m ok in 800ms (attempt 1)
2026-09-09 14:34:12,284 INFO    decode.pipeline funding ok in 405ms (attempt 1)
2026-09-09 14:34:13,252 INFO    decode.pipeline basis ok in 963ms (attempt 1)
2026-09-09 14:34:13,595 INFO    decode.pipeline longshort ok in 340ms (attempt 1)
2026-09-09 14:34:13,870 INFO    decode.pipeline liqtoday ok in 272ms (attempt 1)
2026-09-09 14:34:14,472 INFO    decode.pipeline liqhist ok in 572ms (attempt 1)
2026-09-09 14:34:14,758 INFO    decode.pipeline heatmap_12h ok in 274ms (attempt 1)
2026-09-09 14:34:15,333 INFO    decode.pipeline heatmap_24h ok in 546ms (attempt 1)
2026-09-09 14:34:16,021 INFO    decode.pipeline heatmap_48h ok in 659ms (attempt 1)
2026-09-09 14:34:16,838 INFO    decode.pipeline heatmap_3d ok in 776ms (attempt 1)
2026-09-09 14:34:19,528 INFO    decode.pipeline heatmap_1w ok in 2635ms (attempt 1)
2026-09-09 14:34:21,979 INFO    decode.pipeline heatmap_2w ok in 2359ms (attempt 1)
2026-09-09 14:34:23,616 INFO    decode.pipeline heatmap_1m ok in 1576ms (attempt 1)
2026-09-09 14:34:25,688 INFO    decode.pipeline heatmap_3m ok in 2029ms (attempt 1)
2026-09-09 14:34:26,306 INFO    decode.pipeline heatmap_6m ok in 521ms (attempt 1)
2026-09-10 01:06:44,597 INFO    decode.pipeline funding ok in 719ms (attempt 1)
2026-09-10 01:06:46,719 INFO    decode.pipeline basis ok in 2117ms (attempt 1)
2026-09-10 01:06:47,332 INFO    decode.pipeline longshort ok in 610ms (attempt 1)
2026-09-10 01:06:47,698 INFO    decode.pipeline liqtoday ok in 363ms (attempt 1)
2026-09-10 01:06:49,356 INFO    decode.pipeline liqhist ok in 1636ms (attempt 1)
2026-09-10 01:06:49,861 INFO    decode.pipeline heatmap_12h ok in 491ms (attempt 1)
2026-09-10 01:06:50,514 INFO    decode.pipeline heatmap_24h ok in 626ms (attempt 1)
2026-09-10 01:06:51,203 INFO    decode.pipeline heatmap_48h ok in 663ms (attempt 1)
2026-09-10 01:06:52,656 INFO    decode.pipeline heatmap_3d ok in 1407ms (attempt 1)
2026-09-10 01:06:53,950 INFO    decode.pipeline heatmap_1w ok in 1238ms (attempt 1)
2026-09-10 01:06:56,333 INFO    decode.pipeline heatmap_2w ok in 2292ms (attempt 1)
2026-09-10 01:06:58,598 INFO    decode.pipeline heatmap_1m ok in 2204ms (attempt 1)
2026-09-10 01:07:01,175 INFO    decode.pipeline heatmap_3m ok in 2527ms (attempt 1)
2026-09-10 01:07:02,035 INFO    decode.pipeline heatmap_6m ok in 762ms (attempt 1)
2026-09-11 18:15:34,607 INFO    decode.pipeline funding ok in 616ms (attempt 1)
2026-09-11 18:15:36,339 INFO    decode.pipeline basis ok in 1727ms (attempt 1)
2026-09-11 18:15:36,746 INFO    decode.pipeline longshort ok in 403ms (attempt 1)
2026-09-11 18:15:37,059 INFO    decode.pipeline liqtoday ok in 310ms (attempt 1)
2026-09-11 18:15:38,119 INFO    decode.pipeline liqhist ok in 1042ms (attempt 1)
2026-09-11 18:15:38,659 INFO    decode.pipeline heatmap_12h ok in 529ms (attempt 1)
2026-09-11 18:15:40,065 INFO    decode.pipeline heatmap_24h ok in 1384ms (attempt 1)
2026-09-11 18:15:41,000 INFO    decode.pipeline heatmap_48h ok in 907ms (attempt 1)
2026-09-11 18:15:42,873 INFO    decode.pipeline heatmap_3d ok in 1808ms (attempt 1)
2026-09-11 18:15:43,645 INFO    decode.pipeline heatmap_1w ok in 732ms (attempt 1)
2026-09-11 18:15:51,400 INFO    decode.pipeline heatmap_2w ok in 7664ms (attempt 1)
2026-09-11 18:15:53,139 INFO    decode.pipeline heatmap_1m ok in 1676ms (attempt 1)
2026-09-11 18:15:55,628 INFO    decode.pipeline heatmap_3m ok in 2442ms (attempt 1)
2026-09-11 18:15:56,525 INFO    decode.pipeline heatmap_6m ok in 795ms (attempt 1)
